Archive member included because of file (symbol)

c:/winavr-20100110/bin/../lib/gcc/avr/4.3.3/avr25\libgcc.a(_mulhi3.o)
                              obj\Release\main.o (__mulhi3)
c:/winavr-20100110/bin/../lib/gcc/avr/4.3.3/avr25\libgcc.a(_exit.o)
                              c:/winavr-20100110/bin/../lib/gcc/avr/4.3.3/../../../../avr/lib/avr25/crttn88.o (exit)
c:/winavr-20100110/bin/../lib/gcc/avr/4.3.3/avr25\libgcc.a(_copy_data.o)
                              obj\Release\main.o (__do_copy_data)
c:/winavr-20100110/bin/../lib/gcc/avr/4.3.3/avr25\libgcc.a(_clear_bss.o)
                              obj\Release\main.o (__do_clear_bss)

Allocating common symbols
Common symbol       size              file

usbTxBuf            0xb               obj\Release\usbdrv\usbdrv.o
usbTxStatus1        0xc               obj\Release\usbdrv\usbdrv.o
usbDeviceAddr       0x1               obj\Release\usbdrv\usbdrv.o
usbRxToken          0x1               obj\Release\usbdrv\usbdrv.o
usbInputBufOffset   0x1               obj\Release\usbdrv\usbdrv.o
usbMsgPtr           0x2               obj\Release\usbdrv\usbdrv.o
usbRxLen            0x1               obj\Release\usbdrv\usbdrv.o
usbNewDeviceAddr    0x1               obj\Release\usbdrv\usbdrv.o
usbCurrentTok       0x1               obj\Release\usbdrv\usbdrv.o
usbConfiguration    0x1               obj\Release\usbdrv\usbdrv.o
usbRxBuf            0x16              obj\Release\usbdrv\usbdrv.o

Memory Configuration

Name             Origin             Length             Attributes
text             0x00000000         0x00002000         xr
data             0x00800060         0x0000ffa0         rw !x
eeprom           0x00810000         0x00010000         rw !x
fuse             0x00820000         0x00000400         rw !x
lock             0x00830000         0x00000400         rw !x
signature        0x00840000         0x00000400         rw !x
*default*        0x00000000         0xffffffff

Linker script and memory map

Address of section .data set to 0x800100
LOAD c:/winavr-20100110/bin/../lib/gcc/avr/4.3.3/../../../../avr/lib/avr25/crttn88.o
LOAD obj\Release\fuse.o
LOAD obj\Release\main.o
LOAD obj\Release\usbdrv\oddebug.o
LOAD obj\Release\usbdrv\usbdrv.o
LOAD obj\Release\usbdrv\usbdrvasm.o
LOAD c:/winavr-20100110/bin/../lib/gcc/avr/4.3.3/avr25\libgcc.a
LOAD c:/winavr-20100110/bin/../lib/gcc/avr/4.3.3/../../../../avr/lib/avr25\libm.a
LOAD c:/winavr-20100110/bin/../lib/gcc/avr/4.3.3/avr25\libgcc.a
LOAD c:/winavr-20100110/bin/../lib/gcc/avr/4.3.3/../../../../avr/lib/avr25\libc.a
LOAD c:/winavr-20100110/bin/../lib/gcc/avr/4.3.3/avr25\libgcc.a

.hash
 *(.hash)

.dynsym
 *(.dynsym)

.dynstr
 *(.dynstr)

.gnu.version
 *(.gnu.version)

.gnu.version_d
 *(.gnu.version_d)

.gnu.version_r
 *(.gnu.version_r)

.rel.init
 *(.rel.init)

.rela.init
 *(.rela.init)

.rel.text
 *(.rel.text)
 *(.rel.text.*)
 *(.rel.gnu.linkonce.t*)

.rela.text
 *(.rela.text)
 *(.rela.text.*)
 *(.rela.gnu.linkonce.t*)

.rel.fini
 *(.rel.fini)

.rela.fini
 *(.rela.fini)

.rel.rodata
 *(.rel.rodata)
 *(.rel.rodata.*)
 *(.rel.gnu.linkonce.r*)

.rela.rodata
 *(.rela.rodata)
 *(.rela.rodata.*)
 *(.rela.gnu.linkonce.r*)

.rel.data
 *(.rel.data)
 *(.rel.data.*)
 *(.rel.gnu.linkonce.d*)

.rela.data
 *(.rela.data)
 *(.rela.data.*)
 *(.rela.gnu.linkonce.d*)

.rel.ctors
 *(.rel.ctors)

.rela.ctors
 *(.rela.ctors)

.rel.dtors
 *(.rel.dtors)

.rela.dtors
 *(.rela.dtors)

.rel.got
 *(.rel.got)

.rela.got
 *(.rela.got)

.rel.bss
 *(.rel.bss)

.rela.bss
 *(.rela.bss)

.rel.plt
 *(.rel.plt)

.rela.plt
 *(.rela.plt)

.text           0x00000000      0xb00
 *(.vectors)
 .vectors       0x00000000       0x28 c:/winavr-20100110/bin/../lib/gcc/avr/4.3.3/../../../../avr/lib/avr25/crttn88.o
                0x00000000                __vectors
                0x00000000                __vector_default
 *(.vectors)
 *(.progmem.gcc*)
 *(.progmem*)
 .progmem.data  0x00000028       0x3f obj\Release\main.o
                0x00000028                usbDescriptorHidReport
 .progmem.data  0x00000067       0x68 obj\Release\usbdrv\usbdrv.o
                0x0000009b                usbDescriptorDevice
                0x00000067                usbDescriptorString0
                0x000000ad                usbDescriptorConfiguration
                0x0000006b                usbDescriptorStringVendor
                0x0000008b                usbDescriptorStringDevice
                0x000000d0                . = ALIGN (0x2)
 *fill*         0x000000cf        0x1 00
                0x000000d0                __trampolines_start = .
 *(.trampolines)
 .trampolines   0x000000d0        0x0 linker stubs
 *(.trampolines*)
                0x000000d0                __trampolines_end = .
 *(.jumptables)
 *(.jumptables*)
 *(.lowtext)
 *(.lowtext*)
                0x000000d0                __ctors_start = .
 *(.ctors)
                0x000000d0                __ctors_end = .
                0x000000d0                __dtors_start = .
 *(.dtors)
                0x000000d0                __dtors_end = .
 SORT(*)(.ctors)
 SORT(*)(.dtors)
 *(.init0)
 .init0         0x000000d0        0x0 c:/winavr-20100110/bin/../lib/gcc/avr/4.3.3/../../../../avr/lib/avr25/crttn88.o
                0x000000d0                __init
 *(.init0)
 *(.init1)
 *(.init1)
 *(.init2)
 .init2         0x000000d0        0xc c:/winavr-20100110/bin/../lib/gcc/avr/4.3.3/../../../../avr/lib/avr25/crttn88.o
 *(.init2)
 *(.init3)
 *(.init3)
 *(.init4)
 .init4         0x000000dc       0x16 c:/winavr-20100110/bin/../lib/gcc/avr/4.3.3/avr25\libgcc.a(_copy_data.o)
                0x000000dc                __do_copy_data
 .init4         0x000000f2       0x10 c:/winavr-20100110/bin/../lib/gcc/avr/4.3.3/avr25\libgcc.a(_clear_bss.o)
                0x000000f2                __do_clear_bss
 *(.init4)
 *(.init5)
 *(.init5)
 *(.init6)
 *(.init6)
 *(.init7)
 *(.init7)
 *(.init8)
 *(.init8)
 *(.init9)
 .init9         0x00000102        0x4 c:/winavr-20100110/bin/../lib/gcc/avr/4.3.3/../../../../avr/lib/avr25/crttn88.o
 *(.init9)
 *(.text)
 .text          0x00000106        0x2 c:/winavr-20100110/bin/../lib/gcc/avr/4.3.3/../../../../avr/lib/avr25/crttn88.o
                0x00000106                __vector_12
                0x00000106                __bad_interrupt
                0x00000106                __vector_6
                0x00000106                __vector_3
                0x00000106                __vector_11
                0x00000106                __vector_13
                0x00000106                __vector_17
                0x00000106                __vector_19
                0x00000106                __vector_7
                0x00000106                __vector_5
                0x00000106                __vector_4
                0x00000106                __vector_9
                0x00000106                __vector_2
                0x00000106                __vector_15
                0x00000106                __vector_8
                0x00000106                __vector_10
                0x00000106                __vector_16
                0x00000106                __vector_18
 .text          0x00000108        0x0 obj\Release\fuse.o
 .text          0x00000108      0x482 obj\Release\main.o
                0x00000422                Init
                0x00000456                ignoreKey
                0x0000032e                OnKey
                0x00000108                usbFunctionSetup
                0x0000035c                KeyPressed
                0x00000172                buildReport
                0x000004d8                main
                0x000001a4                scanMatrix
                0x0000017c                __vector_14
                0x0000016e                usbFunctionWrite
 .text          0x0000058a        0x0 obj\Release\usbdrv\oddebug.o
 .text          0x0000058a      0x2a8 obj\Release\usbdrv\usbdrv.o
                0x000005a4                usbPoll
                0x000007ee                usbSetInterrupt
                0x0000058a                usbInit
 .text          0x00000832      0x2a6 obj\Release\usbdrv\usbdrvasm.o
                0x00000864                __vector_1
                0x00000832                usbCrc16
                0x0000085c                usbCrc16Append
 .text          0x00000ad8        0x0 c:/winavr-20100110/bin/../lib/gcc/avr/4.3.3/avr25\libgcc.a(_mulhi3.o)
 .text          0x00000ad8        0x0 c:/winavr-20100110/bin/../lib/gcc/avr/4.3.3/avr25\libgcc.a(_exit.o)
 .text          0x00000ad8        0x0 c:/winavr-20100110/bin/../lib/gcc/avr/4.3.3/avr25\libgcc.a(_copy_data.o)
 .text          0x00000ad8        0x0 c:/winavr-20100110/bin/../lib/gcc/avr/4.3.3/avr25\libgcc.a(_clear_bss.o)
                0x00000ad8                . = ALIGN (0x2)
 *(.text.*)
 .text.libgcc   0x00000ad8       0x24 c:/winavr-20100110/bin/../lib/gcc/avr/4.3.3/avr25\libgcc.a(_mulhi3.o)
                0x00000ad8                __mulhi3
 .text.libgcc   0x00000afc        0x0 c:/winavr-20100110/bin/../lib/gcc/avr/4.3.3/avr25\libgcc.a(_exit.o)
 .text.libgcc   0x00000afc        0x0 c:/winavr-20100110/bin/../lib/gcc/avr/4.3.3/avr25\libgcc.a(_copy_data.o)
 .text.libgcc   0x00000afc        0x0 c:/winavr-20100110/bin/../lib/gcc/avr/4.3.3/avr25\libgcc.a(_clear_bss.o)
                0x00000afc                . = ALIGN (0x2)
 *(.fini9)
 .fini9         0x00000afc        0x0 c:/winavr-20100110/bin/../lib/gcc/avr/4.3.3/avr25\libgcc.a(_exit.o)
                0x00000afc                exit
                0x00000afc                _exit
 *(.fini9)
 *(.fini8)
 *(.fini8)
 *(.fini7)
 *(.fini7)
 *(.fini6)
 *(.fini6)
 *(.fini5)
 *(.fini5)
 *(.fini4)
 *(.fini4)
 *(.fini3)
 *(.fini3)
 *(.fini2)
 *(.fini2)
 *(.fini1)
 *(.fini1)
 *(.fini0)
 .fini0         0x00000afc        0x4 c:/winavr-20100110/bin/../lib/gcc/avr/4.3.3/avr25\libgcc.a(_exit.o)
 *(.fini0)
                0x00000b00                _etext = .

.data           0x00800100       0x40 load address 0x00000b00
                0x00800100                PROVIDE (__data_start, .)
 *(.data)
 .data          0x00800100        0x0 c:/winavr-20100110/bin/../lib/gcc/avr/4.3.3/../../../../avr/lib/avr25/crttn88.o
 .data          0x00800100        0x0 obj\Release\fuse.o
 .data          0x00800100       0x3e obj\Release\main.o
                0x00800100                ScanCode
 .data          0x0080013e        0x0 obj\Release\usbdrv\oddebug.o
 .data          0x0080013e        0x2 obj\Release\usbdrv\usbdrv.o
                0x0080013e                usbTxLen
 .data          0x00800140        0x0 obj\Release\usbdrv\usbdrvasm.o
 .data          0x00800140        0x0 c:/winavr-20100110/bin/../lib/gcc/avr/4.3.3/avr25\libgcc.a(_mulhi3.o)
 .data          0x00800140        0x0 c:/winavr-20100110/bin/../lib/gcc/avr/4.3.3/avr25\libgcc.a(_exit.o)
 .data          0x00800140        0x0 c:/winavr-20100110/bin/../lib/gcc/avr/4.3.3/avr25\libgcc.a(_copy_data.o)
 .data          0x00800140        0x0 c:/winavr-20100110/bin/../lib/gcc/avr/4.3.3/avr25\libgcc.a(_clear_bss.o)
 *(.data*)
 *(.rodata)
 *(.rodata*)
 *(.gnu.linkonce.d*)
                0x00800140                . = ALIGN (0x2)
                0x00800140                _edata = .
                0x00800140                PROVIDE (__data_end, .)

.bss            0x00800140       0x57
                0x00800140                PROVIDE (__bss_start, .)
 *(.bss)
 .bss           0x00800140        0x0 c:/winavr-20100110/bin/../lib/gcc/avr/4.3.3/../../../../avr/lib/avr25/crttn88.o
 .bss           0x00800140        0x0 obj\Release\fuse.o
 .bss           0x00800140       0x20 obj\Release\main.o
                0x00800145                keybuild
                0x00800143                EnableKeyPressed
                0x00800140                state
                0x00800141                old_keybuild
                0x00800149                changedKeys
                0x00800147                OnCount
 .bss           0x00800160        0x0 obj\Release\usbdrv\oddebug.o
 .bss           0x00800160        0x1 obj\Release\usbdrv\usbdrv.o
 .bss           0x00800161        0x0 obj\Release\usbdrv\usbdrvasm.o
 .bss           0x00800161        0x0 c:/winavr-20100110/bin/../lib/gcc/avr/4.3.3/avr25\libgcc.a(_mulhi3.o)
 .bss           0x00800161        0x0 c:/winavr-20100110/bin/../lib/gcc/avr/4.3.3/avr25\libgcc.a(_exit.o)
 .bss           0x00800161        0x0 c:/winavr-20100110/bin/../lib/gcc/avr/4.3.3/avr25\libgcc.a(_copy_data.o)
 .bss           0x00800161        0x0 c:/winavr-20100110/bin/../lib/gcc/avr/4.3.3/avr25\libgcc.a(_clear_bss.o)
 *(.bss*)
 *(COMMON)
 COMMON         0x00800161       0x36 obj\Release\usbdrv\usbdrv.o
                0x00800161                usbTxBuf
                0x0080016c                usbTxStatus1
                0x00800178                usbDeviceAddr
                0x00800179                usbRxToken
                0x0080017a                usbInputBufOffset
                0x0080017b                usbMsgPtr
                0x0080017d                usbRxLen
                0x0080017e                usbNewDeviceAddr
                0x0080017f                usbCurrentTok
                0x00800180                usbConfiguration
                0x00800181                usbRxBuf
                0x00800197                PROVIDE (__bss_end, .)
                0x00000b00                __data_load_start = LOADADDR (.data)
                0x00000b40                __data_load_end = (__data_load_start + SIZEOF (.data))

.noinit         0x00800197        0x0
                0x00800197                PROVIDE (__noinit_start, .)
 *(.noinit*)
                0x00800197                PROVIDE (__noinit_end, .)
                0x00800197                _end = .
                0x00800197                PROVIDE (__heap_start, .)

.eeprom         0x00810000        0x0
 *(.eeprom*)
                0x00810000                __eeprom_end = .

.fuse           0x00820000        0x3
 *(.fuse)
 .fuse          0x00820000        0x3 obj\Release\fuse.o
                0x00820000                __fuse
 *(.lfuse)
 *(.hfuse)
 *(.efuse)

.lock
 *(.lock*)

.signature
 *(.signature*)

.stab
 *(.stab)

.stabstr
 *(.stabstr)

.stab.excl
 *(.stab.excl)

.stab.exclstr
 *(.stab.exclstr)

.stab.index
 *(.stab.index)

.stab.indexstr
 *(.stab.indexstr)

.comment
 *(.comment)

.debug
 *(.debug)

.line
 *(.line)

.debug_srcinfo
 *(.debug_srcinfo)

.debug_sfnames
 *(.debug_sfnames)

.debug_aranges
 *(.debug_aranges)

.debug_pubnames
 *(.debug_pubnames)

.debug_info
 *(.debug_info)
 *(.gnu.linkonce.wi.*)

.debug_abbrev
 *(.debug_abbrev)

.debug_line
 *(.debug_line)

.debug_frame
 *(.debug_frame)

.debug_str
 *(.debug_str)

.debug_loc
 *(.debug_loc)

.debug_macinfo
 *(.debug_macinfo)
OUTPUT(bin\Release\HP48GX.elf elf32-avr)
LOAD linker stubs

Cross Reference Table

Symbol                                            File
EnableKeyPressed                                  obj\Release\main.o
Init                                              obj\Release\main.o
KeyPressed                                        obj\Release\main.o
OnCount                                           obj\Release\main.o
OnKey                                             obj\Release\main.o
ScanCode                                          obj\Release\main.o
__bad_interrupt                                   c:/winavr-20100110/bin/../lib/gcc/avr/4.3.3/../../../../avr/lib/avr25/crttn88.o
__bss_end                                         c:/winavr-20100110/bin/../lib/gcc/avr/4.3.3/avr25\libgcc.a(_clear_bss.o)
__bss_start                                       c:/winavr-20100110/bin/../lib/gcc/avr/4.3.3/avr25\libgcc.a(_clear_bss.o)
__data_end                                        c:/winavr-20100110/bin/../lib/gcc/avr/4.3.3/avr25\libgcc.a(_copy_data.o)
__data_load_start                                 c:/winavr-20100110/bin/../lib/gcc/avr/4.3.3/avr25\libgcc.a(_copy_data.o)
__data_start                                      c:/winavr-20100110/bin/../lib/gcc/avr/4.3.3/avr25\libgcc.a(_copy_data.o)
__do_clear_bss                                    c:/winavr-20100110/bin/../lib/gcc/avr/4.3.3/avr25\libgcc.a(_clear_bss.o)
                                                  obj\Release\usbdrv\usbdrv.o
                                                  obj\Release\main.o
__do_copy_data                                    c:/winavr-20100110/bin/../lib/gcc/avr/4.3.3/avr25\libgcc.a(_copy_data.o)
                                                  obj\Release\usbdrv\usbdrv.o
                                                  obj\Release\main.o
__fuse                                            obj\Release\fuse.o
__heap_end                                        c:/winavr-20100110/bin/../lib/gcc/avr/4.3.3/../../../../avr/lib/avr25/crttn88.o
__init                                            c:/winavr-20100110/bin/../lib/gcc/avr/4.3.3/../../../../avr/lib/avr25/crttn88.o
__mulhi3                                          c:/winavr-20100110/bin/../lib/gcc/avr/4.3.3/avr25\libgcc.a(_mulhi3.o)
                                                  obj\Release\main.o
__stack                                           c:/winavr-20100110/bin/../lib/gcc/avr/4.3.3/../../../../avr/lib/avr25/crttn88.o
__vector_1                                        obj\Release\usbdrv\usbdrvasm.o
                                                  c:/winavr-20100110/bin/../lib/gcc/avr/4.3.3/../../../../avr/lib/avr25/crttn88.o
__vector_10                                       c:/winavr-20100110/bin/../lib/gcc/avr/4.3.3/../../../../avr/lib/avr25/crttn88.o
__vector_11                                       c:/winavr-20100110/bin/../lib/gcc/avr/4.3.3/../../../../avr/lib/avr25/crttn88.o
__vector_12                                       c:/winavr-20100110/bin/../lib/gcc/avr/4.3.3/../../../../avr/lib/avr25/crttn88.o
__vector_13                                       c:/winavr-20100110/bin/../lib/gcc/avr/4.3.3/../../../../avr/lib/avr25/crttn88.o
__vector_14                                       obj\Release\main.o
                                                  c:/winavr-20100110/bin/../lib/gcc/avr/4.3.3/../../../../avr/lib/avr25/crttn88.o
__vector_15                                       c:/winavr-20100110/bin/../lib/gcc/avr/4.3.3/../../../../avr/lib/avr25/crttn88.o
__vector_16                                       c:/winavr-20100110/bin/../lib/gcc/avr/4.3.3/../../../../avr/lib/avr25/crttn88.o
__vector_17                                       c:/winavr-20100110/bin/../lib/gcc/avr/4.3.3/../../../../avr/lib/avr25/crttn88.o
__vector_18                                       c:/winavr-20100110/bin/../lib/gcc/avr/4.3.3/../../../../avr/lib/avr25/crttn88.o
__vector_19                                       c:/winavr-20100110/bin/../lib/gcc/avr/4.3.3/../../../../avr/lib/avr25/crttn88.o
__vector_2                                        c:/winavr-20100110/bin/../lib/gcc/avr/4.3.3/../../../../avr/lib/avr25/crttn88.o
__vector_3                                        c:/winavr-20100110/bin/../lib/gcc/avr/4.3.3/../../../../avr/lib/avr25/crttn88.o
__vector_4                                        c:/winavr-20100110/bin/../lib/gcc/avr/4.3.3/../../../../avr/lib/avr25/crttn88.o
__vector_5                                        c:/winavr-20100110/bin/../lib/gcc/avr/4.3.3/../../../../avr/lib/avr25/crttn88.o
__vector_6                                        c:/winavr-20100110/bin/../lib/gcc/avr/4.3.3/../../../../avr/lib/avr25/crttn88.o
__vector_7                                        c:/winavr-20100110/bin/../lib/gcc/avr/4.3.3/../../../../avr/lib/avr25/crttn88.o
__vector_8                                        c:/winavr-20100110/bin/../lib/gcc/avr/4.3.3/../../../../avr/lib/avr25/crttn88.o
__vector_9                                        c:/winavr-20100110/bin/../lib/gcc/avr/4.3.3/../../../../avr/lib/avr25/crttn88.o
__vector_default                                  c:/winavr-20100110/bin/../lib/gcc/avr/4.3.3/../../../../avr/lib/avr25/crttn88.o
__vectors                                         c:/winavr-20100110/bin/../lib/gcc/avr/4.3.3/../../../../avr/lib/avr25/crttn88.o
_exit                                             c:/winavr-20100110/bin/../lib/gcc/avr/4.3.3/avr25\libgcc.a(_exit.o)
buildReport                                       obj\Release\main.o
changedKeys                                       obj\Release\main.o
exit                                              c:/winavr-20100110/bin/../lib/gcc/avr/4.3.3/avr25\libgcc.a(_exit.o)
                                                  c:/winavr-20100110/bin/../lib/gcc/avr/4.3.3/../../../../avr/lib/avr25/crttn88.o
ignoreKey                                         obj\Release\main.o
keybuild                                          obj\Release\main.o
main                                              obj\Release\main.o
                                                  c:/winavr-20100110/bin/../lib/gcc/avr/4.3.3/../../../../avr/lib/avr25/crttn88.o
old_keybuild                                      obj\Release\main.o
scanMatrix                                        obj\Release\main.o
state                                             obj\Release\main.o
usbConfiguration                                  obj\Release\usbdrv\usbdrv.o
usbCrc16                                          obj\Release\usbdrv\usbdrvasm.o
usbCrc16Append                                    obj\Release\usbdrv\usbdrvasm.o
                                                  obj\Release\usbdrv\usbdrv.o
usbCurrentTok                                     obj\Release\usbdrv\usbdrvasm.o
                                                  obj\Release\usbdrv\usbdrv.o
usbDescriptorConfiguration                        obj\Release\usbdrv\usbdrv.o
usbDescriptorDevice                               obj\Release\usbdrv\usbdrv.o
usbDescriptorHidReport                            obj\Release\main.o
                                                  obj\Release\usbdrv\usbdrv.o
usbDescriptorString0                              obj\Release\usbdrv\usbdrv.o
usbDescriptorStringDevice                         obj\Release\usbdrv\usbdrv.o
usbDescriptorStringVendor                         obj\Release\usbdrv\usbdrv.o
usbDeviceAddr                                     obj\Release\usbdrv\usbdrvasm.o
                                                  obj\Release\usbdrv\usbdrv.o
usbFunctionSetup                                  obj\Release\main.o
                                                  obj\Release\usbdrv\usbdrv.o
usbFunctionWrite                                  obj\Release\main.o
                                                  obj\Release\usbdrv\usbdrv.o
usbInit                                           obj\Release\usbdrv\usbdrv.o
                                                  obj\Release\main.o
usbInputBufOffset                                 obj\Release\usbdrv\usbdrvasm.o
                                                  obj\Release\usbdrv\usbdrv.o
usbMsgPtr                                         obj\Release\usbdrv\usbdrv.o
                                                  obj\Release\main.o
usbNewDeviceAddr                                  obj\Release\usbdrv\usbdrvasm.o
                                                  obj\Release\usbdrv\usbdrv.o
usbPoll                                           obj\Release\usbdrv\usbdrv.o
                                                  obj\Release\main.o
usbRxBuf                                          obj\Release\usbdrv\usbdrvasm.o
                                                  obj\Release\usbdrv\usbdrv.o
usbRxLen                                          obj\Release\usbdrv\usbdrvasm.o
                                                  obj\Release\usbdrv\usbdrv.o
usbRxToken                                        obj\Release\usbdrv\usbdrvasm.o
                                                  obj\Release\usbdrv\usbdrv.o
usbSetInterrupt                                   obj\Release\usbdrv\usbdrv.o
                                                  obj\Release\main.o
usbTxBuf                                          obj\Release\usbdrv\usbdrvasm.o
                                                  obj\Release\usbdrv\usbdrv.o
usbTxLen                                          obj\Release\usbdrv\usbdrv.o
                                                  obj\Release\usbdrv\usbdrvasm.o
usbTxStatus1                                      obj\Release\usbdrv\usbdrvasm.o
                                                  obj\Release\usbdrv\usbdrv.o
                                                  obj\Release\main.o
